
> simulacion_y_optimizacion@0.0.0 build
> tsc -b && vite build

src/utils/math/queuingFormulas.test.ts(26,38): error TS2307: Cannot find module 'vitest' or its corresponding type declarations.
